// Vitest Snapshot v1, https://vitest.dev/guide/snapshot.html

exports[`Layout > should render Layout component correctly 1`] = `undefined`;
